41.43.67.57 === http://spysnet.com/options === 10/05 -- 07:15 PM === Desktop
41.43.67.57 === http://spysnet.com/options === 10/05 -- 07:18 PM === Desktop
41.43.67.57 === http://spysnet.com/options === 10/05 -- 07:18 PM === Desktop
41.43.67.57 === http://spysnet.com/options === 10/05 -- 07:18 PM === Desktop
41.43.67.57 === http://spysnet.com/options === 10/05 -- 07:21 PM === Desktop
41.43.67.57 === http://spysnet.com/options === 10/05 -- 07:21 PM === Desktop
41.43.67.57 === http://spysnet.com/login-otp === 10/05 -- 07:21 PM === Desktop
41.43.67.57 === http://spysnet.com/ === 10/05 -- 07:21 PM === Desktop
41.43.67.57 === http://spysnet.com/options === 10/05 -- 07:21 PM === Desktop
41.43.67.57 === http://spysnet.com/create-password === 10/05 -- 07:21 PM === Desktop
156.215.108.12 === http://e283a209-7dec-4477-8ddf-cab384cb91c0-00-1fxwdivtpl7pb.kirk.replit.dev/options === 26/05 -- 01:35 PM === Desktop
156.215.108.12 === http://e283a209-7dec-4477-8ddf-cab384cb91c0-00-1fxwdivtpl7pb.kirk.replit.dev/create-password === 26/05 -- 01:35 PM === Desktop
156.215.108.12 === http://e283a209-7dec-4477-8ddf-cab384cb91c0-00-1fxwdivtpl7pb.kirk.replit.dev/create-password === 26/05 -- 01:35 PM === Desktop
156.215.108.12 === http://e283a209-7dec-4477-8ddf-cab384cb91c0-00-1fxwdivtpl7pb.kirk.replit.dev/?password=set === 26/05 -- 01:35 PM === Desktop
156.213.204.47 === http://e283a209-7dec-4477-8ddf-cab384cb91c0-00-1fxwdivtpl7pb.kirk.replit.dev/ === 26/05 -- 01:36 PM === Mobile
156.213.204.47 === http://e283a209-7dec-4477-8ddf-cab384cb91c0-00-1fxwdivtpl7pb.kirk.replit.dev/chemistry === 26/05 -- 01:36 PM === Mobile
156.213.204.47 === http://e283a209-7dec-4477-8ddf-cab384cb91c0-00-1fxwdivtpl7pb.kirk.replit.dev/nasser === 26/05 -- 01:36 PM === Mobile
156.213.204.47 === http://e283a209-7dec-4477-8ddf-cab384cb91c0-00-1fxwdivtpl7pb.kirk.replit.dev/nasser/chapter1 === 26/05 -- 01:36 PM === Mobile
156.213.204.47 === https:/www.youtube.com/watch?v=4BwOj9TvrNs&list=PLM-GVlebsoPXWpBDCzn4h0L36UNRYuFb2 === 26/05 -- 01:37 PM === Mobile
156.213.204.47 === http://e283a209-7dec-4477-8ddf-cab384cb91c0-00-1fxwdivtpl7pb.kirk.replit.dev/ === 26/05 -- 01:40 PM === Mobile
156.213.204.47 === http://e283a209-7dec-4477-8ddf-cab384cb91c0-00-1fxwdivtpl7pb.kirk.replit.dev/german === 26/05 -- 01:40 PM === Mobile
156.213.204.47 === http://e283a209-7dec-4477-8ddf-cab384cb91c0-00-1fxwdivtpl7pb.kirk.replit.dev/germann === 26/05 -- 01:40 PM === Mobile
156.213.204.47 === https:/www.youtube.com/watch?v=gu2D6yI_0lA&list=PLM-GVlebsoPWNh__WI8QAIN2xQjawgB4i === 26/05 -- 01:40 PM === Mobile
156.213.204.47 === http://e283a209-7dec-4477-8ddf-cab384cb91c0-00-1fxwdivtpl7pb.kirk.replit.dev/nasser/finals === 26/05 -- 01:47 PM === Mobile
156.213.204.47 === http://e283a209-7dec-4477-8ddf-cab384cb91c0-00-1fxwdivtpl7pb.kirk.replit.dev/nasser/finals === 26/05 -- 01:47 PM === Mobile
156.213.204.47 === http://e283a209-7dec-4477-8ddf-cab384cb91c0-00-1fxwdivtpl7pb.kirk.replit.dev/ === 26/05 -- 01:48 PM === Mobile
156.213.204.47 === http://e283a209-7dec-4477-8ddf-cab384cb91c0-00-1fxwdivtpl7pb.kirk.replit.dev/german === 26/05 -- 01:48 PM === Mobile
156.213.204.47 === http://e283a209-7dec-4477-8ddf-cab384cb91c0-00-1fxwdivtpl7pb.kirk.replit.dev/germann === 26/05 -- 01:48 PM === Mobile
156.213.204.47 === http://e283a209-7dec-4477-8ddf-cab384cb91c0-00-1fxwdivtpl7pb.kirk.replit.dev/chemistry === 26/05 -- 01:48 PM === Mobile
156.213.204.47 === http://e283a209-7dec-4477-8ddf-cab384cb91c0-00-1fxwdivtpl7pb.kirk.replit.dev/nasser === 26/05 -- 01:48 PM === Mobile
156.213.204.47 === http://e283a209-7dec-4477-8ddf-cab384cb91c0-00-1fxwdivtpl7pb.kirk.replit.dev/nasser/chapter1 === 26/05 -- 01:48 PM === Mobile
156.213.204.47 === http://e283a209-7dec-4477-8ddf-cab384cb91c0-00-1fxwdivtpl7pb.kirk.replit.dev/nasser/chapter1 === 26/05 -- 01:50 PM === Mobile
156.213.204.47 === http://e283a209-7dec-4477-8ddf-cab384cb91c0-00-1fxwdivtpl7pb.kirk.replit.dev/nasser/chapter1 === 26/05 -- 01:56 PM === Mobile
